// Jest Snapshot v1, https://goo.gl/fbAQLP

exports[`Header should match the snapshot 1`] = `
<header
  className="header"
>
  <i
    class="fas fa-chevron-right fa-2x"
    onClick={[Function]}
  />
  <h1>
    The Taste Of Taco Tuesday
  </h1>
</header>
`;
