// Jest Snapshot v1, https://goo.gl/fbAQLP

exports[`Loading should match the snapshot 1`] = `
<div>
  <div>
    <img
      className="loadingTaco"
      href="./images/taco-smile.jpg"
    />
  </div>
  <h2>
    Loading some rockin' tacos!
  </h2>
</div>
`;
